# 0-add_integer.txt
>>> add_integer = __import__('0-add_integer').add_integer

>>> add_integer(1, 3)
4

>>> add_integer(-1, 3)
2

>>> add_integer(-1, -3)
-4

>>> add_integer(0.1, 3.5)
3

>>> add_integer(4)
102

>>> add_integer('jane', 'ann')
Traceback (most recent call last):
  ...
TypeError: a must be an integer

>>> add_integer(4, [3])
Traceback (most recent call last):
  ...
TypeError: b must be an integer
